[backblue.gif]
[fade.gif]
[index.html]
[www.avodaq.com/index.html]
[www.avodaq.com/en/index.html]
[www.avodaq.com/system/modules/cookiebar/assets/dist/cookiebar.min.css]
[www.avodaq.com/assets/css/9d4cb0927f2b.css]
[www.avodaq.com/assets/js/6dfb841c7b4e.js]
[www.avodaq.com/de/sandbox-324fksdf9dc43.html]
[www.avodaq.com/favicon.ico]
[www.avodaq.com/en/index-en.html]
[www.avodaq.com/files/avodaq/templates/img/app-icon.png]
[www.avodaq.com/files/avodaq/templates/img/app-icon-76x76.png]
[www.avodaq.com/files/avodaq/templates/img/app-icon-60x60@2x.png]
[www.avodaq.com/files/avodaq/templates/img/app-icon-76x76@2x.png]
[www.avodaq.com/files/avodaq/templates/img/logo.svg]
[www.avodaq.com/files/avodaq/content/backgrounds/2017/improved/pexels-photo-26165_web-darker.jpg]
[www.avodaq.com/files/avodaq/content/backgrounds/2017/improved/shutterstock_73233445_web.jpg]
[www.avodaq.com/files/avodaq/content/backgrounds/2017/verbessert/shutterstock_276350837_web.jpg]
[www.avodaq.com/files/avodaq/content/backgrounds/2017/improved/pexels-photo-26165_web.jpg]
[www.avodaq.com/files/avodaq/content/backgrounds/2017/verbessert/shutterstock_299770247_web.jpg]
[www.avodaq.com/files/avodaq/content/pictures/2018/Best_Quality.png]
[www.avodaq.com/de/index.html]
[www.avodaq.com/files/avodaq/content/backgrounds/2017/verbessert/shutterstock_456220663_web.jpg]
[www.avodaq.com/files/avodaq/content/backgrounds/2017/improved/pexels-photo-110241_web.jpg]
[www.avodaq.com/files/avodaq/content/backgrounds/2017/verbessert/shutterstock_607107062_web.jpg]
[www.avodaq.com/files/avodaq/content/icons/Icon_SmartIT_neu.png]
[www.avodaq.com/files/avodaq/content/backgrounds/2017/verbessert/shutterstock_487313515_web.jpg]
[www.avodaq.com/files/avodaq/content/icons/Icon_Collaboration_neu.png]
[www.avodaq.com/files/avodaq/content/backgrounds/2017/verbessert/shutterstock_607269038_web.jpg]
[www.avodaq.com/files/avodaq/content/icons/security_icon_engl.png]
[www.avodaq.com/files/avodaq/content/backgrounds/2017/verbessert/shutterstock_552207367_web.jpg]
[www.avodaq.com/files/avodaq/content/backgrounds/2017/improved/shutterstock_267584456_web.jpg]
[www.avodaq.com/files/avodaq/content/pictures/2018/Girls' Day Bild.jpg]
[www.avodaq.com/files/avodaq/content/pictures/small/2018/Bild1.jpg]
[www.avodaq.com/files/avodaq/content/pictures/small/2018/Avodaq web 600x300.png]
[www.avodaq.com/files/avodaq/content/pictures/2018/1610626717044_jpg.jpg]
[www.avodaq.com/files/avodaq/content/pictures/2018/Foto_FB_Katharinenhof.jpg]
[www.avodaq.com/assets/images/f/Bikeleasing_Social_Media-20c51c3f.jpg]
[www.avodaq.com/assets/images/2/LinkedIn_Award1-619d5b82.jpg]
[www.avodaq.com/assets/images/3/LinkedIn_Award2-cd3f2ce3.jpg]
[www.avodaq.com/files/avodaq/content/pictures/small/2018/LinkedIn_avodaq_Trainees.jpg]
[www.avodaq.com/files/avodaq/content/pictures/small/Präsi_Website.jpg]
[www.avodaq.com/files/avodaq/content/pictures/small/Team_Website.jpg]
[www.avodaq.com/files/avodaq/content/pictures/2020/Wishes for the world/Smiling_positive_website.jpg]
[www.avodaq.com/files/avodaq/content/pictures/2020/Homeoffice_Website_EN.jpg]
[www.avodaq.com/files/avodaq/content/pictures/2020/Meraki_Webinar.jpg]
[www.avodaq.com/assets/images/f/Deckblatt_Userguide_engl-50fca84f.png]
[www.avodaq.com/files/avodaq/content/pictures/2020/20200219 - DFC Messestand_Website.jpg]
[www.avodaq.com/homeoffice2020/index.html]
[www.avodaq.com/files/avodaq/content/pictures/2020/20200218 - Vortragsraum_Website.jpg]
[www.avodaq.com/assets/images/0/Bild_inkl_Text-a5fd3720.png]
[www.avodaq.com/assets/images/d/Bild1-a3b55edd.png]
[www.avodaq.com/assets/images/b/PHOTO-2019-12-14-23-43-18-b545181b.jpg]
[www.avodaq.com/assets/images/5/IMG_3580_komp-597e8045.jpg]
[www.avodaq.com/assets/images/a/20191202_105806_bearb2-cb580eba.jpg]
[www.avodaq.com/assets/images/5/20191203_091601_bearb2-2590ebb5.jpg]
[www.avodaq.com/assets/images/c/EKaYyuaXUAA3Fp4-edc33f8c.jpg]
[www.avodaq.com/assets/images/1/dmp2-50e6fc51.jpg]
[www.avodaq.com/assets/images/1/IMG_0874_komp-ebd32601.jpg]
[www.avodaq.com/assets/images/f/IMG_0860_bearb_komp-9201f6ef.jpg]
[www.avodaq.com/assets/images/e/IMG_0806-8b58c86e.jpg]
[www.avodaq.com/assets/images/2/IMG_0816-c97598a2.jpg]
[www.avodaq.com/assets/images/8/Gold Certifiedblue-ddf9cb38.png]
[www.avodaq.com/assets/images/8/mam_328659_550176_Fancybox-de-04730558.jpg]
[www.avodaq.com/assets/images/8/mam_328675_550193-de-6f0fd058.jpg]
[www.avodaq.com/assets/images/2/IMG_8554_komp-4e9e3792.jpg]
[www.avodaq.com/assets/images/9/IMG_8547_komp-0fc5d459.jpg]
[www.avodaq.com/assets/images/2/IMG_0778_komp-776d7fc2.jpg]
[www.avodaq.com/assets/images/3/IMG_0747_komp_bearb-9ef3f303.jpg]
[www.avodaq.com/assets/images/5/0V5A0820-40b5cef5.jpg]
[www.avodaq.com/assets/images/c/DJI_0120_bearb-1c75b1dc.jpg]
[www.avodaq.com/assets/images/2/IMG_0391_komp-0ce8f0d2.jpg]
[www.avodaq.com/assets/images/8/IMG_0403_komp-526e7f18.jpg]
[www.avodaq.com/assets/images/7/MVIMG_20190917_180603_komp-febbfc57.jpg]
[www.avodaq.com/assets/images/7/IMG_20190917_090204_komp-26011947.jpg]
[www.avodaq.com/assets/images/2/Initiative Stadt in Bewegung startet-92640632.jpg]
[www.avodaq.com/assets/images/b/Dortmund Stadt in Bewegung - im Gespräch OB Sierau Karsten Vierke Signify 2-846ad56b.jpg]
[www.avodaq.com/assets/images/d/IMG_0131-d32204dd.jpg]
[www.avodaq.com/assets/images/a/IMG_0134-7742db5a.jpg]
[www.avodaq.com/assets/images/c/IMG_7859-1b2ff25c.jpg]
[www.avodaq.com/assets/images/6/IMG_7863-18ca2226.jpg]
[www.avodaq.com/assets/images/b/IMG_0698klein-f496800b.jpg]
[www.avodaq.com/assets/images/a/IMG_0672klein-bb9714ea.jpg]
[www.avodaq.com/assets/images/5/IMG_0620klein-fded1435.jpg]
[www.avodaq.com/assets/images/c/IMG_0586-c0a55e1c.jpg]
[www.avodaq.com/assets/images/e/2-36f7b94e.jpg]
[www.avodaq.com/assets/images/b/IMG_3815_zuschnitt-a174fc4b.jpg]
[www.avodaq.com/assets/images/c/IMG_3816_komp-b8e2194c.jpg]
[www.avodaq.com/assets/images/0/IMG_8643_komp-c8f1c0c0.jpg]
[www.avodaq.com/assets/images/7/IMG_8655_komp-e622ba97.jpg]
[www.avodaq.com/assets/images/c/IMG_3345_gedreht-c04622ec.jpg]
[www.avodaq.com/assets/images/a/IMG_3348_gedreht-5d9b7ffa.jpg]
[www.avodaq.com/assets/images/1/IMG_0627-48f8d081.jpg]
[www.avodaq.com/assets/images/1/IMG_0631-8879a751.jpg]
[www.avodaq.com/assets/images/b/62457503_10156643669437807_482354054593249280_o-a4c195bb.jpg]
[www.avodaq.com/assets/images/4/2019-06-17_11h16_02-1bd2c514.png]
[www.avodaq.com/assets/images/9/IMG_0499_bearbeitet-5927df69.jpg]
[www.avodaq.com/assets/images/6/IMG_0555_bearbeitet-d6d71ee6.jpg]
[www.avodaq.com/assets/images/1/avodaqWarGames-9_bearbeitet-03bdeac1.jpg]
[www.avodaq.com/assets/images/c/IMG_7304_bearbeitet-5dafbd0c.jpg]
[www.avodaq.com/assets/images/1/IMG_7317_bearbeitet-e70c3a71.jpg]
[www.avodaq.com/assets/images/f/IMG_2815_bearbeitet-3266e4af.jpg]
[www.avodaq.com/assets/images/b/IMG_2822_bearbeitet-410536db.jpg]
[www.avodaq.com/assets/images/6/IMG_6915-29d53ce6.jpg]
[www.avodaq.com/assets/images/c/Trainee1-ccdd615c.jpg]
[www.avodaq.com/assets/images/c/59567569_2907402589271723_1192298237222977536_n-96790aec.jpg]
[www.avodaq.com/assets/images/e/59829750_2907402472605068_3955298974172184576_n-f30b684e.jpg]
[www.avodaq.com/assets/images/3/IMG_0380_Zuschnitt-130f1853.jpg]
[www.avodaq.com/assets/images/7/IMG_0461_Zuschnitt-ab4efc67.jpg]
[www.avodaq.com/assets/images/1/IMG_2664_komp-d7d8a681.jpg]
[www.avodaq.com/assets/images/2/IMG_2665_komp-7a756d22.jpg]
[www.avodaq.com/assets/images/8/IMG_3009_bearbeitet_komp-812d2388.jpg]
[www.avodaq.com/assets/images/e/IMG_3048_komp-c215dd7e.jpg]
[www.avodaq.com/assets/images/e/Trainees_komprimiert-f34a844e.jpg]
[www.avodaq.com/assets/images/3/01_komprimiert-5c6d8503.jpg]
[www.avodaq.com/assets/images/f/IMG_2994_komprimiert-0b48321f.jpg]
[www.avodaq.com/assets/images/7/059_20190308_avodaq_Networkers_2019_komprimiert2-dbd11e07.jpg]
[www.avodaq.com/assets/images/9/029_20190308_avodaq_Networkers_2019_komprimiert2-335985c9.jpg]
[www.avodaq.com/assets/images/1/JugendForscht_Preisübergabe_20190227-61_komprimiert-dec07c51.jpg]
[www.avodaq.com/assets/images/b/JugendForscht_Riegel_20190226-1 (003)-5025f70b.jpg]
[www.avodaq.com/assets/images/a/IMG_4996-687a165a.jpg]
[www.avodaq.com/assets/images/6/IMG_2383-cb7c96f6.jpg]
[www.avodaq.com/assets/images/c/Dr9D_niX0AAceZH-03abf63c.jpg]
[www.avodaq.com/assets/images/4/IMG_1967-19a4c2f4.jpg]
[www.avodaq.com/assets/images/4/IT-SA_04-83d9f3d4.jpg]
[www.avodaq.com/assets/images/2/IT-SA_03-8edf9aa2.jpg]
[www.avodaq.com/assets/images/b/IMG_4011-ff24222b.jpg]
[www.avodaq.com/files/avodaq/content/pictures/2018/VideoclinicSWR.mp4]
[www.avodaq.com/assets/images/0/OVLO1576-3178ed90.jpg]
[www.avodaq.com/assets/images/a/LLPC9304-00c291ba.jpg]
[www.avodaq.com/assets/images/d/IMG_1906-624cf78d.jpg]
[www.avodaq.com/assets/images/c/IMG_1908-983dc6dc.jpg]
[www.avodaq.com/assets/images/4/IMG_0134-636541b4.jpg]
[www.avodaq.com/assets/images/8/IMG_0124-914b4be8.jpg]
[www.avodaq.com/assets/images/d/B2RUN MUC-e7d9305d.jpg]
[www.avodaq.com/assets/images/6/413_ji-9b2978b6.jpg]
[www.avodaq.com/assets/images/e/725_ji-605d177e.jpg]
[www.avodaq.com/assets/images/7/IMG_0563_KOPIE-78a24387.jpg]
[www.avodaq.com/assets/images/e/IMG_0612_KOPIE-dbf6ec0e.jpg]
[www.avodaq.com/assets/images/6/Lifecycle Practice Award-7a79eb06.jpg]
[www.avodaq.com/assets/images/c/IMG_1319-be21bdac.jpg]
[www.avodaq.com/assets/images/e/IMG_1318-7800270e.jpg]
[www.avodaq.com/assets/images/2/IMG_0111-d52a6e52.jpg]
[www.avodaq.com/files/avodaq/content/pictures/2018/IMG_0115.jpg]
[www.avodaq.com/assets/images/4/IMG_0058-4c6c6f84.jpg]
[www.avodaq.com/assets/images/9/image1-be64a089.jpg]
[www.avodaq.com/assets/images/b/image3-a2f276cb.jpg]
[www.avodaq.com/assets/images/9/IMG_4168-7e4b1649.jpg]
[www.avodaq.com/assets/images/d/IMG_4181-311f428d.jpg]
[www.avodaq.com/assets/images/9/Andreas_Yew_Yen_Ed_Wee-cc174de9.jpg]
[www.avodaq.com/assets/images/5/image7_bearbeitet-6de71ef5.jpg]
[www.avodaq.com/assets/images/f/IMG_20171109_153452_bearbeitet-9ead0a4f.jpg]
[www.avodaq.com/assets/images/2/Stuttgart-08-0f2f3dd2.jpg]
[www.avodaq.com/assets/images/1/Stuttgart-49-c704d2b1.jpg]
[www.avodaq.com/assets/images/d/Cisco_GermanyAwards1685_FB-8f253a6d.jpg]
[www.avodaq.com/assets/images/e/IMG_8402_FB_Paint-152c5f7e.jpg]
[www.avodaq.com/assets/images/c/IMG_0208-fc01714c.jpg]
[www.avodaq.com/assets/images/7/Trainees_FB-ea3ead97.jpg]
[www.avodaq.com/assets/images/1/IMG_2374_FB-35568811.jpg]
[www.avodaq.com/assets/images/1/IMG_2370_FB_1_b-aac41ef1.jpg]
[www.avodaq.com/assets/images/7/IMG_5677-b4996527.jpg]
[www.avodaq.com/assets/images/8/IMG_5684_WS-e8063928.jpg]
[www.avodaq.com/files/avodaq/content/pictures/2017/Channel_MstrCloudBldr_360px_225_RGB.png]
[www.avodaq.com/assets/images/6/TQ2A0525_FB-45466546.jpg]
[www.avodaq.com/assets/images/a/TQ2A0544_2_FB-4917423a.jpg]
[www.avodaq.com/assets/images/1/20170511_184412_Website-a4be4891.jpg]
[www.avodaq.com/assets/images/b/20170511_203617FB-79088abb.jpg]
[www.avodaq.com/assets/images/7/20170427_103727-8bc5a0d7.jpg]
[www.avodaq.com/assets/images/b/20170427_095053(0)-707cec3b.jpg]
[www.avodaq.com/assets/images/f/IMG_2234_FB_kompirmiert-247dcc1f.jpg]
[www.avodaq.com/assets/images/4/IMG_1318_FB-ce183d54.jpg]
[www.avodaq.com/assets/images/3/20170324_110847_neu-0159d083.jpg]
[www.avodaq.com/assets/images/4/20170324_105449_neu-da576234.jpg]
[www.avodaq.com/assets/images/e/IMG_9567_klein-4ff3f45e.jpg]
[www.avodaq.com/assets/images/a/IMG_9560-bc04b49a.jpg]
[www.avodaq.com/assets/images/2/RFRC-Winner-aspirin-Awards-fa01e172.jpg]
[www.avodaq.com/assets/images/0/791d5ffb-6ae4-486d-a025-9c866fc5fdc9-60b06f80.png]
[www.avodaq.com/assets/images/a/Wolfgang_Niedermark-173b1d6a.jpg]
[www.avodaq.com/assets/images/b/Podiumsdiskussion-ac7ff1eb.jpg]
[www.avodaq.com/assets/images/8/Digital-efa234b8.jpg]
[www.avodaq.com/assets/images/9/Skyline-ce20f869.jpg]
[www.avodaq.com/assets/images/c/Sequence 02.00_10_18_24.Still028-569ebcbc.jpg]
[www.avodaq.com/assets/images/3/IMG_7435(1)_komprimiert-6e742913.jpg]
[www.avodaq.com/assets/images/0/11_Team-nach-dem-Rennen (002)-7c6b4cd0.jpg]
[www.avodaq.com/assets/images/5/IMG_8305[1]-e15209a5.jpg]
[www.avodaq.com/assets/images/6/LT Eingang_bearbeitet-bd614ff6.jpg]
[www.avodaq.com/assets/images/c/Simplivity_master-Logo-28b0113c.png]
[www.avodaq.com/files/avodaq/content/backgrounds/2017/improved/shutterstock_416963170_web.jpg]
[www.avodaq.com/files/avodaq/content/backgrounds/2017/verbessert/shutterstock_262396556_web_b.jpg]
[www.avodaq.com/files/avodaq/content/backgrounds/2017/verbessert/shutterstock_616659761_web_b.jpg]
[www.avodaq.com/files/avodaq/content/backgrounds/2017/verbessert/shutterstock_565263469_web.jpg]
[www.avodaq.com/files/avodaq/content/backgrounds/2017/improved/shutterstock_506137132_web.jpg]
[www.avodaq.com/files/avodaq/content/backgrounds/2017/verbessert/shutterstock_386237749_web.jpg]
[www.avodaq.com/files/avodaq/content/backgrounds/2017/improved/shutterstock_530017285_web.jpg]
[www.avodaq.com/files/avodaq/content/icons/social-media/xing-blue.svg]
[www.avodaq.com/files/avodaq/content/icons/social-media/linkedin-blue.svg]
[www.avodaq.com/files/avodaq/content/icons/social-media/fb-blue.svg]
[www.avodaq.com/files/avodaq/content/icons/social-media/kununu-blue.svg]
[www.avodaq.com/files/avodaq/content/pdf/GTC_July2019.pdf]
[www.avodaq.com/files/avodaq/templates/js/vendors/jquery.fitvids.js]
[www.avodaq.com/files/avodaq/templates/js/assets_03.js]
[www.avodaq.com/files/avodaq/templates/js/scrolloverflow.min.js]
[www.avodaq.com/files/avodaq/templates/js/fullpage.dragAndMove.min.js]
[www.avodaq.com/files/avodaq/templates/js/fullpage.extensions.min.js]
[www.avodaq.com/files/avodaq/templates/js/fullpage-3.0.0.min.js]
[www.avodaq.com/files/avodaq/templates/js/custom_en_10.js]
[www.avodaq.com/system/modules/cookiebar/assets/dist/cookiebar.min.js]
[www.avodaq.com/en/index.html]
[www.avodaq.com/system/modules/cookiebar/assets/dist/cookiebar.min.css]
[www.avodaq.com/files/avodaq/templates/fonts/675520/0212a948-10f0-4e92-ad88-f19648a92b4a.woff]
[www.avodaq.com/files/avodaq/templates/fonts/675520/5e7c3b52-1246-48a3-a019-a0492c7f9e19.ttf]
[www.avodaq.com/files/avodaq/templates/fonts/675520/8115c2cd-df4a-4fc1-8a70-5982b7d810ab.svg]
[www.avodaq.com/files/avodaq/templates/fonts/675505/e2fbc63c-e7b1-4828-b0b6-275131d16fd0.woff]
[www.avodaq.com/files/avodaq/templates/fonts/675505/805d9356-a4a5-46df-8390-957c803e33bc.ttf]
[www.avodaq.com/files/avodaq/templates/fonts/675505/df0f9c50-3ce3-4b1f-8120-074ca66b83b1.svg]
[www.avodaq.com/files/avodaq/templates/fonts/avodaq.eot]
[www.avodaq.com/files/avodaq/templates/fonts/avodaqd41d.eot]
[www.avodaq.com/files/avodaq/templates/fonts/avodaq.woff]
[www.avodaq.com/files/avodaq/templates/fonts/avodaq.ttf]
[www.avodaq.com/files/avodaq/templates/fonts/avodaq.svg]
[www.avodaq.com/assets/css/9d4cb0927f2b.css]
[www.avodaq.com/files/avodaq/content/backgrounds/2018/architecture-boy-buildings-307847_3.jpg]
[www.avodaq.com/assets/images/f/logo_weiss-c351314f.svg]
[www.avodaq.com/assets/images/0/image4-0c1bdde0.jpg]
[www.avodaq.com/assets/images/c/image6-4268a7dc.jpg]
[www.avodaq.com/assets/images/0/IMG_0503-8c804760.jpg]
[www.avodaq.com/assets/images/3/153179355_11-77cc7003.jpg]
[www.avodaq.com/assets/images/6/Cisco_GermanyAwards1685_FB-a49488b6.jpg]
[www.avodaq.com/assets/images/e/Trainees_FB-ed6da99e.jpg]
[www.avodaq.com/assets/images/a/IMG_5910klein-da61d8aa.jpg]
[www.avodaq.com/assets/images/1/IMG_5911klein-87510401.jpg]
[www.avodaq.com/assets/images/d/IMG_5684_WS-0a21b09d.jpg]
[www.avodaq.com/assets/images/1/TQ2A0544_2_FB-16f10b31.jpg]
[www.avodaq.com/assets/images/8/shutterstock_538651918_kompirmiert-e17411a8.jpg]
[www.avodaq.com/assets/images/3/avodaq_BFC_SM-9b3af0d3.jpg]
[www.avodaq.com/assets/images/5/791d5ffb-6ae4-486d-a025-9c866fc5fdc9-2515c97d (1)-d17e7a55.jpg]
[www.avodaq.com/assets/images/c/Wolfgang_Niedermark-b398857c.jpg]
[www.avodaq.com/assets/images/f/Podiumsdiskussion-567870df.jpg]
[www.avodaq.com/assets/images/3/Digital-a3e22923.jpg]
[www.avodaq.com/assets/images/1/Skyline-85cda451.jpg]
[www.avodaq.com/assets/images/9/11_Team-nach-dem-Rennen (002)-2228b599.jpg]
[www.avodaq.com/assets/images/1/IMG_8305[1]-83f60dc1.jpg]
[www.avodaq.com/assets/images/7/LT Eingang_bearbeitet-d59e2a37.jpg]
[www.avodaq.com/assets/images/0/strongmen-bf7660a0.jpg]
[www.avodaq.com/assets/images/8/ConhIT 2016-69b47078.jpg]
[www.avodaq.com/assets/images/b/woman-lawn-7526b04b.jpg]
[www.avodaq.com/assets/images/9/IMG_0077-a9eda719.jpg]
[www.avodaq.com/assets/images/5/IMG_1874-8dbed465.jpg]
[www.avodaq.com/files/avodaq/content/pictures/small/LaufISABELL-1cdd90d3.jpg]
[www.avodaq.com/assets/images/b/UKE 1-5cdee90b.jpg]
[www.avodaq.com/assets/images/4/UKE 2-e319e194.jpg]
[www.avodaq.com/assets/images/d/mlove-4595befd.jpg]
[www.avodaq.com/files/avodaq/content/backgrounds/2017/shutterstock_487313515_web.jpg]
[www.avodaq.com/files/avodaq/content/icons/Icon_Security-neu_02.png]
[www.avodaq.com/files/avodaq/content/pictures/2018/kununu.png]
[www.avodaq.com/files/avodaq/content/pictures/2018/kununu2.png]
[www.avodaq.com/files/avodaq/content/icons/elder-white.svg]
[www.avodaq.com/files/avodaq/content/icons/time-white.svg]
[www.avodaq.com/files/avodaq/content/icons/home-white.svg]
[www.avodaq.com/files/avodaq/content/icons/flowchart-white.svg]
[www.avodaq.com/files/avodaq/content/icons/fitnessfirst-white.svg]
[www.avodaq.com/files/avodaq/content/icons/child-white.svg]
[www.avodaq.com/files/avodaq/content/icons/fruits-white.svg]
[www.avodaq.com/files/avodaq/content/pdf/agb.pdf]
[www.avodaq.com/files/avodaq/templates/js/assets_02.js]
[www.avodaq.com/files/avodaq/templates/js/custom_06.js]
[www.avodaq.com/de/sandbox-324fksdf9dc43.html]
[www.avodaq.com/en/index-en.html]
[www.avodaq.com/files/avodaq/templates/img/logo.svg]
[www.avodaq.com/files/avodaq/content/pictures/small/215-402111-Event-Grafik-ASCOM-E-Mail-Header-Webinar-Secure-Access.png]
[www.avodaq.com/de/webinar-digitalsierung-healthcare.html]
[www.avodaq.com/files/avodaq/content/pictures/small/2018/Girls' Day Bild.jpg]
[www.avodaq.com/files/avodaq/content/pictures/small/2018/215-402102-Event-Grafik-Paket-Cross-Arch-Netw-LP-Header-1250x504 (1).jpg]
[www.avodaq.com/de/avodaq_Networking_Events.html]
[www.avodaq.com/files/avodaq/content/pictures/small/2018/215-402007-webexone-LP-Header-1250x504-sRGB.jpg]
[www.avodaq.com/de/webexone.html]
[www.avodaq.com/files/avodaq/content/pictures/small/2018/215-402003-Cary-Videotel-Header-Retusche-sRGB.jpg]
[www.avodaq.com/de/avodaqxascom_Webinar.html]
[www.avodaq.com/files/avodaq/content/pictures/small/Mailing_Bild_klein_Security QB.jpg]
[www.avodaq.com/files/avodaq/content/pictures/small/Mailing_Bild_klein_Grillen.jpg]
[www.avodaq.com/de/avodaqSecurityWorkshop.html]
[www.avodaq.com/files/avodaq/content/pictures/small/Mailing_Bild_klein_CBC.jpg]
[www.avodaq.com/de/GrillAcademy.html]
[www.avodaq.com/files/avodaq/content/pictures/2020/Homeoffice_Website.jpg]
[www.avodaq.com/de/avodaqCBC.html]
[www.avodaq.com/assets/images/d/Deckblatt_Userguide_deu-ae3d896d.png]
[www.avodaq.com/assets/images/a/SI-5fdadb3a.jpg]
[www.avodaq.com/assets/images/2/avo_girlsday-5-d44b62c2.jpg]
[www.avodaq.com/assets/images/2/avo_girlsday-6-56bf4392.jpg]
[www.avodaq.com/assets/images/5/Jörg9-f7591885.jpg]
[www.avodaq.com/assets/images/d/Jörg8-b2db7f9d.jpg]
[www.avodaq.com/assets/images/8/31-153dbd28.jpg]
[www.avodaq.com/assets/images/d/IMG_5757-7541e69d.jpg]
[www.avodaq.com/assets/images/0/IMG_2287-45cb5ac0.jpg]
[www.avodaq.com/assets/images/7/KYCB4408-fcdc16c7.jpg]
[www.avodaq.com/assets/images/2/Foto Imkern facebook-77ab08a2.jpg]
[www.avodaq.com/assets/images/5/IMG_4109-3aa48b95.jpg]
[www.avodaq.com/assets/images/5/IMG_0612_KOPIE-b874a5a5.jpg]
[www.avodaq.com/assets/images/0/IMG_193640_klein-3f275ff0.jpg]
[www.avodaq.com/assets/images/5/IMG_6417_klein-84a18595.jpg]
[www.avodaq.com/assets/images/a/B2Run_Vorher-2ad7c9ba.jpg]
[www.avodaq.com/assets/images/5/B2Run_Nachher-8190cc45.jpg]
[www.avodaq.com/assets/images/8/IMG_0139-f7f201b8.jpg]
[www.avodaq.com/assets/images/3/IMG_1319-a1ebda63.jpg]
[www.avodaq.com/assets/images/f/IMG_1318-8d5c14df.jpg]
[www.avodaq.com/assets/images/f/IMG_0277-601f0fff.jpg]
[www.avodaq.com/assets/images/8/IMG_0273-61960838.jpg]
[www.avodaq.com/assets/images/6/image3-1002b4c6.jpg]
[www.avodaq.com/files/avodaq/content/pdf/AGB_juli2019.pdf]
[www.avodaq.com/files/avodaq/templates/js/custom_10.js]
[www.avodaq.com/de/index.html]
[www.avodaq.com/de/avodaqMeraki_Webinar.html]
[www.avodaq.com/homeoffice2020/static/sitting_window_og.jpg]
[www.avodaq.com/homeoffice2020/main.css]
[www.avodaq.com/homeoffice2020/static/avosprites.svg]
[www.avodaq.com/homeoffice2020/app.bundle.js]
[www.avodaq.com/homeoffice2020/index.html]
[www.avodaq.com/files/avodaq/content/icons/social-media/xing-blue.svg]
[www.avodaq.com/files/avodaq/content/icons/social-media/linkedin-blue.svg]
[www.avodaq.com/files/avodaq/content/icons/social-media/fb-blue.svg]
[www.avodaq.com/files/avodaq/content/icons/social-media/kununu-blue.svg]
[www.avodaq.com/en/GET.html]
[www.avodaq.com/en/files/avodaq/fonts/675520/54d50729-2ab7-49d5-a74c-b604d41c0c59d41d.html]
[www.avodaq.com/files/avodaq/templates/fonts/675520/8115c2cd-df4a-4fc1-8a70-5982b7d810ab.svg]
[www.avodaq.com/en/files/avodaq/fonts/675505/e4693908-7208-4b04-93c4-8d004c3b4e1fd41d.html]
[www.avodaq.com/files/avodaq/templates/fonts/675505/df0f9c50-3ce3-4b1f-8120-074ca66b83b1.svg]
[www.avodaq.com/files/avodaq/templates/fonts/avodaq.svg]
[www.avodaq.com/de/sandbox-452356c234.html]
[www.avodaq.com/assets/images/f/logo_weiss-c351314f.svg]
[www.avodaq.com/files/avodaq/content/icons/elder-white.svg]
[www.avodaq.com/files/avodaq/content/icons/time-white.svg]
[www.avodaq.com/files/avodaq/content/icons/home-white.svg]
[www.avodaq.com/files/avodaq/content/icons/flowchart-white.svg]
[www.avodaq.com/files/avodaq/content/icons/fitnessfirst-white.svg]
[www.avodaq.com/files/avodaq/content/icons/child-white.svg]
[www.avodaq.com/files/avodaq/content/icons/fruits-white.svg]
[www.avodaq.com/en/+49.69.html]
[www.avodaq.com/en/+49 30 72 6161 709.html]
[www.avodaq.com/assets/css/2ce4c3f5ddb5.css]
[www.avodaq.com/files/avodaq-events/src/js/add-to-calendar-buttons/ouical-customb6f5.js]
[www.avodaq.com/files/avodaq-events/dist/bundleb6f5.js]
[www.avodaq.com/assets/images/d/215-402111-Event-Grafik-ASCOM-Landingpage-Webinar-Secure-Access-Sicher-Digitalisieren-ca5f9fed.png]
[www.avodaq.com/files/avodaq-events/dist/img/xing2.svg]
[www.avodaq.com/files/avodaq-events/dist/img/linkedin2.svg]
[www.avodaq.com/files/avodaq-events/dist/img/facebook22.svg]
[www.avodaq.com/files/avodaq-events/dist/img/kununu.png]
[www.avodaq.com/de/webinar-digitalsierung-healthcare.html]
[www.avodaq.com/assets/images/f/215-402102-Event-Grafik-Paket-Cross-Arch-Netw-LP-Header-1250x504 (1)-12add12f.jpg]
[www.avodaq.com/de/avodaq_Networking_Events.html]
[www.avodaq.com/assets/images/8/215-402007-webexone-LP-Header-1250x504-sRGB-35f5afb8.jpg]
[www.avodaq.com/de/webexone.html]
[www.avodaq.com/assets/images/c/215-402003-Cary-Videotel-Header-Retusche-sRGB-44fe7d1c.jpg]
[www.avodaq.com/de/avodaqxascom_Webinar.html]
[www.avodaq.com/assets/images/0/Header_Landingpage_Security QB_2-2d4ed850.jpg]
[www.avodaq.com/de/avodaqSecurityWorkshop.html]
[www.avodaq.com/assets/images/a/Header_Landingpage_Event_Grillen-cbbb591a.jpg]
[www.avodaq.com/de/GrillAcademy.html]
[www.avodaq.com/de/avodaqCBC.html]
[www.avodaq.com/homeoffice2020/fonts/Roboto-Light.woff]
[www.avodaq.com/homeoffice2020/fonts/Roboto-Regular.woff]
[www.avodaq.com/homeoffice2020/fonts/Roboto-Medium.woff]
[www.avodaq.com/homeoffice2020/fonts/Roboto-Bold.woff]
[www.avodaq.com/homeoffice2020/fonts/Robotomono-Light.woff]
[www.avodaq.com/homeoffice2020/fonts/Robotomono-Regular.woff]
[www.avodaq.com/homeoffice2020/fonts/Robotomono-Medium.woff]
[www.avodaq.com/homeoffice2020/fonts/Robotomono-Bold.woff]
[www.avodaq.com/homeoffice2020/static/sitting_window.jpg]
[www.avodaq.com/homeoffice2020/static/laptop_cat.jpg]
[www.avodaq.com/homeoffice2020/static/xing_icon.svg]
[www.avodaq.com/homeoffice2020/static/xing_yello_icon.svg]
[www.avodaq.com/homeoffice2020/static/linkedIn_icon.svg]
[www.avodaq.com/homeoffice2020/static/linkedIn_yello_icon.svg]
[www.avodaq.com/homeoffice2020/static/fb_icon.svg]
[www.avodaq.com/homeoffice2020/static/fb_yello_icon.svg]
[www.avodaq.com/homeoffice2020/static/kunu_icon.svg]
[www.avodaq.com/homeoffice2020/static/kunu_yello_icon.svg]
[www.avodaq.com/homeoffice2020/main.css]
[www.avodaq.com/homeoffice2020/static/avosprites.svg]
[www.avodaq.com/files/avodaq/templates/fonts/675520/54d50729-2ab7-49d5-a74c-b604d41c0c59d41d.eot]
[www.avodaq.com/files/avodaq/templates/fonts/675505/e4693908-7208-4b04-93c4-8d004c3b4e1fd41d.eot]
[www.avodaq.com/assets/css/2ce4c3f5ddb5.css]
[www.avodaq.com/files/avodaq-events/dist/img/xing2.svg]
[www.avodaq.com/files/avodaq-events/dist/img/linkedin2.svg]
[www.avodaq.com/files/avodaq-events/dist/img/facebook22.svg]
[www.avodaq.com/homeoffice2020/static/xing_icon.svg]
[www.avodaq.com/homeoffice2020/static/xing_yello_icon.svg]
[www.avodaq.com/homeoffice2020/static/linkedIn_icon.svg]
[www.avodaq.com/homeoffice2020/static/linkedIn_yello_icon.svg]
[www.avodaq.com/homeoffice2020/static/fb_icon.svg]
[www.avodaq.com/homeoffice2020/static/fb_yello_icon.svg]
[www.avodaq.com/homeoffice2020/static/kunu_icon.svg]
[www.avodaq.com/homeoffice2020/static/kunu_yello_icon.svg]
